
> vite_react_shadcn_ts@0.0.0 build
> vite build

[36mvite v5.4.19 [32mbuilding for production...[36m[39m
transforming...
Browserslist: browsers data (caniuse-lite) is 13 months old. Please run:
  npx update-browserslist-db@latest
  Why you should do it regularly: https://github.com/browserslist/update-db#readme
[32mÔ£ô[39m 2514 modules transformed.
rendering chunks...
computing gzip size...
[2mdist/[22m[32mindex.html                          [39m[1m[2m  2.14 kB[22m[1m[22m[2m Ôöé gzip:   1.09 kB[22m
[2mdist/[22m[32massets/rollo-bl5chyHI.jpg           [39m[1m[2m 15.16 kB[22m[1m[22m
[2mdist/[22m[32massets/niimbot-d110-ChWlxox_.jpg    [39m[1m[2m 18.87 kB[22m[1m[22m
[2mdist/[22m[32massets/lector-BLezMMFS.jpg          [39m[1m[2m 19.33 kB[22m[1m[22m
[2mdist/[22m[32massets/niimbot-b1-DShuD5i1.jpg      [39m[1m[2m 20.02 kB[22m[1m[22m
[2mdist/[22m[32massets/bateria-Ce3CDqQu.jpg         [39m[1m[2m 22.17 kB[22m[1m[22m
[2mdist/[22m[32massets/pt210-B26y1hXO.jpg           [39m[1m[2m 23.29 kB[22m[1m[22m
[2mdist/[22m[32massets/mp58-BNAFb-WS.jpg            [39m[1m[2m 23.54 kB[22m[1m[22m
[2mdist/[22m[32massets/logo-C1KuUPxF.png            [39m[1m[2m 38.68 kB[22m[1m[22m
[2mdist/[22m[32massets/hero-warehouse-LyuwHcCU.jpg  [39m[1m[2m134.15 kB[22m[1m[22m
[2mdist/[22m[35massets/index-DIMS3DFv.css           [39m[1m[2m 71.96 kB[22m[1m[22m[2m Ôöé gzip:  12.73 kB[22m
[2mdist/[22m[36massets/index-CF-qXxv-.js            [39m[1m[33m900.15 kB[39m[22m[2m Ôöé gzip: 258.38 kB[22m
[33m
(!) Some chunks are larger than 500 kB after minification. Consider:
- Using dynamic import() to code-split the application
- Use build.rollupOptions.output.manualChunks to improve chunking: https://rollupjs.org/configuration-options/#output-manualchunks
- Adjust chunk size limit for this warning via build.chunkSizeWarningLimit.[39m
[32mÔ£ô built in 13.10s[39m
