
> build
> npm install --include=dev && prisma generate && tsc -p tsconfig.json


up to date, audited 152 packages in 5s

36 packages are looking for funding
  run `npm fund` for details

3 high severity vulnerabilities

To address all issues, run:
  npm audit fix --force

Run `npm audit` for details.
Environment variables loaded from .env
Prisma schema loaded from prisma\schema.prisma

✔ Generated Prisma Client (v6.15.0) to .\node_modules\@prisma\client in 90ms

Start by importing your Prisma Client (See: https://pris.ly/d/importing-client)

Tip: Need your database queries to be 1000x faster? Accelerate offers you that and more: https://pris.ly/tip-2-accelerate

