
> build
> npx -p prisma@6.15.0 prisma generate && tsc -p tsconfig.json

Environment variables loaded from .env
Prisma schema loaded from prisma\schema.prisma

✔ Generated Prisma Client (v6.15.0) to .\node_modules\@prisma\client in 130ms

Start by importing your Prisma Client (See: https://pris.ly/d/importing-client)

Tip: Interested in query caching in just a few lines of code? Try Accelerate today! https://pris.ly/tip-3-accelerate

